go : # 
github.com/manish/job-auto-apply/internal/form [
github.com/manish/job-auto-apply/internal/form.t
est]
At line:1 char:1
+ go test -v ./internal/ai/ ./internal/form/ > 
test_output.txt 2>&1; Ge ...
+ ~~~~~~~~~~~~~~~~~~~~~~~~~~~~~~~~~~~~~~~~~~~~~~
~~~~~~~~~~~~~~~~~~~
    + CategoryInfo          : NotSpecified: (# 
gith    ub.com/ma...rnal/form.test]:String) [], 
RemoteE    xception
    + FullyQualifiedErrorId : NativeCommandError
 
internal\form\form_filler.go:180:13: assignment 
mismatch: 1 variable but sel.SelectOption 
returns 2 values
FAIL	github.com/manish/job-auto-apply/internal/form [build failed]
=== RUN   TestBuildPrompt_ContainsCandidateSkills
--- PASS: TestBuildPrompt_ContainsCandidateSkills (0.00s)
=== RUN   TestStripMarkdownFences
--- PASS: TestStripMarkdownFences (0.00s)
PASS
ok  	github.com/manish/job-auto-apply/internal/ai	(cached)
FAIL
